Title:           Introduction to Compilers and Language Design
Subject:         
Keywords:        compilers, programming languages, theory
Author:          Douglas Thain
Creator:         LaTeX with hyperref package
Producer:        pdfTeX-1.40.19
CreationDate:    Thu Aug 24 21:06:34 2023 CST
ModDate:         Thu Aug 24 21:06:34 2023 CST
Custom Metadata: yes
Metadata Stream: no
Tagged:          no
UserProperties:  no
Suspects:        no
Form:            none
JavaScript:      no
Pages:           247
Encrypted:       no
Page    1 size:  432 x 648 pts
Page    1 rot:   0
Page    1 MediaBox:      0.00     0.00   432.00   648.00
Page    1 CropBox:       0.00     0.00   432.00   648.00
Page    1 BleedBox:      0.00     0.00   432.00   648.00
Page    1 TrimBox:       0.00     0.00   432.00   648.00
Page    1 ArtBox:        0.00     0.00   432.00   648.00
File size:       1316545 bytes
Optimized:       no
PDF version:     1.5
