Creator:         Writer
Producer:        LibreOffice 24.8.1.2 (X86_64) / LibreOffice Community
CreationDate:    Sun Aug  9 15:21:04 2026 CST
Custom Metadata: no
Metadata Stream: no
Tagged:          yes
UserProperties:  no
Suspects:        no
Form:            none
JavaScript:      no
Pages:           1
Encrypted:       no
Page    1 size:  595.304 x 841.89 pts (A4)
Page    1 rot:   0
Page    1 MediaBox:      0.00     0.00   595.30   841.89
Page    1 CropBox:       0.00     0.00   595.30   841.89
Page    1 BleedBox:      0.00     0.00   595.30   841.89
Page    1 TrimBox:       0.00     0.00   595.30   841.89
Page    1 ArtBox:        0.00     0.00   595.30   841.89
File size:       9222 bytes
Optimized:       no
PDF version:     1.7
