<!DOCTYPE html PUBLIC "-//W3C//DTD XHTML 1.0 Transitional//EN" "http://www.w3.org/TR/xhtml1/DTD/xhtml1-transitional.dtd"><html xmlns="http://www.w3.org/1999/xhtml">
<head>
</head>
<body>
<doc>
  <page width="360.000000" height="240.000000">
    <word xMin="36.000000" yMin="37.936000" xMax="64.800000" yMax="50.512000">PDF</word>
    <word xMin="74.400000" yMin="37.936000" xMax="132.000000" yMax="50.512000">visual</word>
    <word xMin="141.600000" yMin="37.936000" xMax="237.600000" yMax="50.512000">comparison</word>
    <word xMin="36.000000" yMin="65.936000" xMax="74.400000" yMax="78.512000">Line</word>
    <word xMin="84.000000" yMin="65.936000" xMax="103.200000" yMax="78.512000">2:</word>
    <word xMin="112.800000" yMin="65.936000" xMax="160.800000" yMax="78.512000">Hello</word>
    <word xMin="170.400000" yMin="65.936000" xMax="199.200000" yMax="78.512000">PDF</word>
    <word xMin="36.000000" yMin="93.936000" xMax="59.200000" yMax="106.512000">AB</word>
    <word xMin="36.000000" yMin="132.678000" xMax="100.800000" yMax="146.826000">SCALED</word>
    <word xMin="36.000000" yMin="184.452000" xMax="93.600000" yMax="193.884000">Restored</word>
    <word xMin="100.800000" yMin="184.452000" xMax="136.800000" yMax="193.884000">after</word>
    <word xMin="144.000000" yMin="184.452000" xMax="151.200000" yMax="193.884000">Q</word>
  </page>
</doc>
</body>
</html>
