PAGE 1 DECODED_BYTES 237
DECODED_PREFIX /F1 16 Tf\x0ABT\x0A1 0 0 1 36 192 Tm\x0A(PDF visual comparison) Tj\x0A0 -28 TD\x0A(Line 2: Hello PDF) Tj\x0AT*\x0A[(A) -250 (B)] TJ\x0AET\x0Aq\x0A1.5 0 0 1.5 0 0 cm\x0ABT\x0A/F1 12 Tf\x0A1 0 0 1 24 6
OP decoded=7 Tf NAME_HEX=4631 16
OP decoded=10 BT
OP decoded=28 Tm 1 0 0 1 36 192
OP decoded=55 Tj STRING_HEX=5044462076697375616C20636F6D70617269736F6E
RAW_STRING_HEX 5044462076697375616C20636F6D70617269736F6E
ASCII_PREVIEW PDF visual comparison
OP decoded=64 TD 0 -28
OP decoded=87 Tj STRING_HEX=4C696E6520323A2048656C6C6F20504446
RAW_STRING_HEX 4C696E6520323A2048656C6C6F20504446
ASCII_PREVIEW Line 2: Hello PDF
OP decoded=90 T*
OP decoded=108 TJ [STRING_HEX=41 -250 STRING_HEX=42]
RAW_STRING_HEX 41
ASCII_PREVIEW A
RAW_STRING_HEX 42
ASCII_PREVIEW B
OP decoded=111 ET
OP decoded=114 q
OP decoded=132 cm 1.5 0 0 1.5 0 0
OP decoded=135 BT
OP decoded=145 Tf NAME_HEX=4631 12
OP decoded=162 Tm 1 0 0 1 24 64
OP decoded=174 Tj STRING_HEX=5343414C4544
RAW_STRING_HEX 5343414C4544
ASCII_PREVIEW SCALED
OP decoded=177 ET
OP decoded=180 Q
OP decoded=182 BT
OP decoded=192 Tf NAME_HEX=4631 12
OP decoded=209 Tm 1 0 0 1 36 48
OP decoded=231 Tj STRING_HEX=526573746F7265642061667465722051
RAW_STRING_HEX 526573746F7265642061667465722051
ASCII_PREVIEW Restored after Q
OP decoded=234 ET
PAGE 1 OPS 22 TEXT_SHOWS 5
