Custom Metadata: no
Metadata Stream: no
Tagged:          no
UserProperties:  no
Suspects:        no
Form:            none
JavaScript:      no
Pages:           2
Encrypted:       no
Page    1 size:  400 x 240 pts
Page    1 rot:   0
Page    2 size:  400 x 240 pts
Page    2 rot:   0
Page    1 MediaBox:      0.00     0.00   400.00   240.00
Page    1 CropBox:       0.00     0.00   400.00   240.00
Page    1 BleedBox:      0.00     0.00   400.00   240.00
Page    1 TrimBox:       0.00     0.00   400.00   240.00
Page    1 ArtBox:        0.00     0.00   400.00   240.00
Page    2 MediaBox:      0.00     0.00   400.00   240.00
Page    2 CropBox:       0.00     0.00   400.00   240.00
Page    2 BleedBox:      0.00     0.00   400.00   240.00
Page    2 TrimBox:       0.00     0.00   400.00   240.00
Page    2 ArtBox:        0.00     0.00   400.00   240.00
File size:       2400 bytes
Optimized:       no
PDF version:     1.4
